// Vitest Snapshot v1

exports[`tests button with pug > should match the snapshot 1`] = `
{
  "description": "",
  "displayName": "MyButton",
  "events": undefined,
  "exportName": undefined,
  "expose": undefined,
  "methods": undefined,
  "props": undefined,
  "slots": [
    {
      "description": "Use this slot default",
      "name": "default",
    },
  ],
  "sourceFiles": [
    /packages/vue-docgen-api/tests/components/button-pug/MyButton.vue,
  ],
  "tags": {},
}
`;
