// Vitest Snapshot v1

exports[`tests button with no script block > should match the snapshot 1`] = `
{
  "description": "",
  "displayName": "MyButton",
  "events": [
    {
      "description": "trigered on click",
      "name": "click",
      "properties": [
        {
          "description": "example",
          "name": "test",
          "type": {
            "names": [
              "object",
            ],
          },
        },
      ],
      "type": undefined,
    },
  ],
  "exportName": undefined,
  "expose": undefined,
  "methods": undefined,
  "props": undefined,
  "slots": [
    {
      "description": "Use this slot default",
      "name": "default",
    },
  ],
  "sourceFiles": [
    /packages/vue-docgen-api/tests/components/button-noscript/MyButton.vue,
  ],
  "tags": {},
}
`;
