// Vitest Snapshot v1

exports[`test example vuex > should match the snapshot 1`] = `
{
  "description": "Partial mapping, object spread operator example",
  "displayName": "example",
  "events": undefined,
  "exportName": "default",
  "expose": undefined,
  "methods": [
    {
      "description": "Sets the order",
      "name": "onSubmit",
      "params": [
        {
          "description": "Key to order",
          "name": "key",
          "title": "param",
          "type": {
            "name": "string",
          },
        },
      ],
      "returns": {
        "description": "Test",
        "title": "returns",
        "type": {
          "name": "string",
        },
      },
      "tags": {
        "access": [
          {
            "description": "public",
            "title": "access",
          },
        ],
        "params": [
          {
            "description": "Key to order",
            "name": "key",
            "title": "param",
            "type": {
              "name": "string",
            },
          },
        ],
        "returns": [
          {
            "description": "Test",
            "title": "returns",
            "type": {
              "name": "string",
            },
          },
        ],
        "since": [
          {
            "description": "Version 1.0.1",
            "title": "since",
          },
        ],
        "version": [
          {
            "description": "1.0.5",
            "title": "version",
          },
        ],
      },
    },
  ],
  "props": undefined,
  "slots": undefined,
  "sourceFiles": [
    /packages/vue-docgen-api/tests/components/vuex/example.vue,
  ],
  "tags": {},
}
`;
