// Vitest Snapshot v1

exports[`tests InputText as a JS file > should match the snapshot 1`] = `
{
  "description": "Description InputText",
  "displayName": "InputText",
  "events": undefined,
  "exportName": "default",
  "expose": undefined,
  "methods": undefined,
  "props": [
    {
      "name": "question",
      "type": {
        "name": "undefined",
      },
    },
    {
      "name": "placeholder",
      "type": {
        "name": "undefined",
      },
    },
  ],
  "slots": undefined,
  "sourceFiles": [
    /packages/vue-docgen-api/tests/components/extended/Base.vue,
    /packages/vue-docgen-api/tests/components/extended/InputTextNatural.js,
  ],
  "tags": {},
}
`;
