// Vitest Snapshot v1, https://vitest.dev/guide/snapshot.html

exports[`tests InputTextDoc > should match the snapshot 1`] = `
{
  "description": "Description InputTextDocumented",
  "displayName": "InputTextDocumented",
  "events": undefined,
  "exportName": "default",
  "expose": undefined,
  "methods": undefined,
  "props": [
    {
      "name": "question",
      "type": {
        "name": "undefined",
      },
    },
    {
      "mixin": {
        "name": "multiNamed",
        "path": "../../mixins/multiNamed.js",
      },
      "name": "importedProp",
      "type": {
        "name": "string",
      },
    },
    {
      "mixin": {
        "name": "otherNamed",
        "path": "../../mixins/otherNamed.js",
      },
      "name": "otherMixinProp",
      "type": {
        "name": "number",
      },
    },
    {
      "mixin": {
        "name": "deep",
        "path": "../../mixins/another/deep.js",
      },
      "name": "deep",
      "type": {
        "name": "boolean",
      },
    },
    {
      "name": "placeholder",
      "type": {
        "name": "string",
      },
    },
  ],
  "slots": undefined,
  "sourceFiles": [
    /packages/vue-docgen-api/tests/components/extended/Base.vue,
    /packages/vue-docgen-api/tests/components/extended/InputTextDocumented.vue,
    /packages/vue-docgen-api/tests/mixins/another/deep.js,
    /packages/vue-docgen-api/tests/mixins/multiNamed.js,
    /packages/vue-docgen-api/tests/mixins/otherNamed.js,
  ],
  "tags": {},
}
`;
